[biancaisaak.com/politica-de-privacidade.html]
[backblue.gif]
[fade.gif]
[index.html]
[biancaisaak.com/franquias/2/7062531/editor-html/9516947.png]
[biancaisaak.com/static/bootstrap.min.css]
[biancaisaak.com/static/FontList.css]
[biancaisaak.com/static/material-icon.css]
[biancaisaak.com/static/bootstrap-carousel/css/bootstrap.css]
[biancaisaak.com/cheetah/link/recaptcha923c]
[biancaisaak.com/css/chunk-0e42f782.c35eebba.css]
[biancaisaak.com/css/chunk-7c3acea6.9d979586.css]
[biancaisaak.com/js/chunk-0e42f782.1474fe9c.js]
[biancaisaak.com/js/chunk-2d0a3203.9fa7ef7f.js]
[biancaisaak.com/js/chunk-2d0dd430.3fccfcb4.js]
[biancaisaak.com/js/chunk-2d0e24f8.075e4c46.js]
[biancaisaak.com/js/chunk-2d0e4e8d.d9242f82.js]
[biancaisaak.com/js/chunk-2d230809.f895f612.js]
[biancaisaak.com/js/chunk-2d230e94.ce7e0a33.js]
[biancaisaak.com/js/chunk-65b86cc8.d3818467.js]
[biancaisaak.com/js/chunk-7c3acea6.1715cab8.js]
[biancaisaak.com/js/chunk-7e66b06c.e6435c6c.js]
[biancaisaak.com/css/app.940530dc.css]
[biancaisaak.com/css/chunk-vendors.7959b78e.css]
[biancaisaak.com/js/app.b5aa64b9.js]
[biancaisaak.com/static/jquery-1.12.4.min.js]
[biancaisaak.com/static/bootstrap/dist/js/bootstrap.min.js]
[biancaisaak.com/static/GDPRPlugin/jquery.ihavecookies.min.js]
[biancaisaak.com/js/chunk-vendors.8806a0d8.js]
[biancaisaak.com/static/jarallax/jarallax.min.js]
[biancaisaak.com/politica-de-privacidade.html]
[biancaisaak.com/static/bootstrap.min.css]
[biancaisaak.com/static/jquery-ui.js]
[biancaisaak.com/static/FontList/Lato/Lato.woff2]
[biancaisaak.com/static/FontList/Lato/Lato-Black.woff2]
[biancaisaak.com/static/FontList/Lato/Lato-Light.woff2]
[biancaisaak.com/static/FontList/Lato/Lato-Thin.woff2]
[biancaisaak.com/static/FontList/Muli/Muli.woff2]
[biancaisaak.com/static/FontList/Muli/Muli-Black.woff2]
[biancaisaak.com/static/FontList/Muli/Muli-Light.woff2]
[biancaisaak.com/static/FontList/Andale-Mono/Andale-Mono.ttf]
[biancaisaak.com/static/FontList/Arial-Black/arial-black.ttf]
[biancaisaak.com/static/FontList/Book-Antiqua/Book-Antiqua.ttf]
[biancaisaak.com/static/FontList/Montserrat/Montserrat-Regular.ttf]
[biancaisaak.com/static/FontList/Montserrat/Montserrat-Light.ttf]
[biancaisaak.com/static/FontList/Montserrat/Montserrat-SemiBold.ttf]
[biancaisaak.com/static/FontList/Open-Sans/OpenSans-Regular.ttf]
[biancaisaak.com/static/FontList/Playfair-Display/static/PlayfairDisplay-Regular.ttf]
[biancaisaak.com/static/FontList/Roboto/Roboto-Regular.ttf]
[biancaisaak.com/static/FontList/Comic-Sans-MS/Comic-Sans-MS.ttf]
[biancaisaak.com/static/FontList/Georgia/georgia.ttf]
[biancaisaak.com/static/FontList/Impact/Impact.ttf]
[biancaisaak.com/static/FontList/Tahoma/Tahoma.ttf]
[biancaisaak.com/static/FontList/Terminal/Monaco.ttf]
[biancaisaak.com/static/FontList/TrebuchetMS/trebuc.ttf]
[biancaisaak.com/static/FontList/Verdana/VerdanaPro-Regular.ttf]
[biancaisaak.com/static/FontList/Webdings/WebdingsRegula.ttf]
[biancaisaak.com/static/FontList/Wingdings/wingding.ttf]
[biancaisaak.com/static/FontList.css]
[biancaisaak.com/static/FontList/Google/material-icons.woff2]
[biancaisaak.com/static/material-icon.css]
[biancaisaak.com/static/bootstrap-carousel/css/bootstrap.css]
[biancaisaak.com/css/chunk-0e42f782.c35eebba.css]
[biancaisaak.com/css/chunk-65b86cc8.36cc55a8.css]
[biancaisaak.com/css/chunk-7c3acea6.9d979586.css]
[biancaisaak.com/css/chunk-7e66b06c.780d7455.css]
[biancaisaak.com/fonts/arial-black.3e7043e8.ttf]
[biancaisaak.com/fonts/Andale.html]
[biancaisaak.com/fonts/Book.html]
[biancaisaak.com/css/app.940530dc.css]
[biancaisaak.com/css/chunk-vendors.7959b78e.css]
[biancaisaak.com/fonts/Andale.html]
[biancaisaak.com/fonts/Book.html]
[biancaisaak.com/fonts/Comic Sans MS.7cc6719b.html]
[biancaisaak.com/fonts/georgia.ca8446d5.html]
[biancaisaak.com/fonts/Impact.fa010cfd.html]
[biancaisaak.com/fonts/Tahoma.8ce7d837.html]
[biancaisaak.com/fonts/trebuc.54e1c73d.html]
[biancaisaak.com/fonts/VerdanaPro-Regular.0760afba.html]
[biancaisaak.com/fonts/WebdingsRegula.1a56b45a.html]
[biancaisaak.com/fonts/wingding.68c74934.html]
[biancaisaak.com/fonts/static/material-icon.html]
